Archive member included to satisfy reference by file (symbol)

/usr/lib/gcc/arm-none-eabi/11.2.0/thumb/v6-m/nofp/libgcc.a(_udivsi3.o)
                              Build/Obj/system_stm32f0xx.o (__aeabi_uidiv)
/usr/lib/gcc/arm-none-eabi/11.2.0/thumb/v6-m/nofp/libgcc.a(_dvmd_tls.o)
                              /usr/lib/gcc/arm-none-eabi/11.2.0/thumb/v6-m/nofp/libgcc.a(_udivsi3.o) (__aeabi_idiv0)
/usr/lib/gcc/arm-none-eabi/11.2.0/../../../../arm-none-eabi/lib/thumb/v6-m/nofp/libc_nano.a(lib_a-atexit.o)
                              /usr/lib/gcc/arm-none-eabi/11.2.0/../../../../arm-none-eabi/lib/thumb/v6-m/nofp/rdimon-crt0.o (atexit)
/usr/lib/gcc/arm-none-eabi/11.2.0/../../../../arm-none-eabi/lib/thumb/v6-m/nofp/libc_nano.a(lib_a-exit.o)
                              /usr/lib/gcc/arm-none-eabi/11.2.0/../../../../arm-none-eabi/lib/thumb/v6-m/nofp/rdimon-crt0.o (exit)
/usr/lib/gcc/arm-none-eabi/11.2.0/../../../../arm-none-eabi/lib/thumb/v6-m/nofp/libc_nano.a(lib_a-fini.o)
                              /usr/lib/gcc/arm-none-eabi/11.2.0/../../../../arm-none-eabi/lib/thumb/v6-m/nofp/rdimon-crt0.o (__libc_fini_array)
/usr/lib/gcc/arm-none-eabi/11.2.0/../../../../arm-none-eabi/lib/thumb/v6-m/nofp/libc_nano.a(lib_a-impure.o)
                              /usr/lib/gcc/arm-none-eabi/11.2.0/../../../../arm-none-eabi/lib/thumb/v6-m/nofp/libc_nano.a(lib_a-exit.o) (_global_impure_ptr)
/usr/lib/gcc/arm-none-eabi/11.2.0/../../../../arm-none-eabi/lib/thumb/v6-m/nofp/libc_nano.a(lib_a-init.o)
                              /usr/lib/gcc/arm-none-eabi/11.2.0/../../../../arm-none-eabi/lib/thumb/v6-m/nofp/rdimon-crt0.o (__libc_init_array)
/usr/lib/gcc/arm-none-eabi/11.2.0/../../../../arm-none-eabi/lib/thumb/v6-m/nofp/libc_nano.a(lib_a-memset.o)
                              /usr/lib/gcc/arm-none-eabi/11.2.0/../../../../arm-none-eabi/lib/thumb/v6-m/nofp/rdimon-crt0.o (memset)
/usr/lib/gcc/arm-none-eabi/11.2.0/../../../../arm-none-eabi/lib/thumb/v6-m/nofp/libc_nano.a(lib_a-__atexit.o)
                              /usr/lib/gcc/arm-none-eabi/11.2.0/../../../../arm-none-eabi/lib/thumb/v6-m/nofp/libc_nano.a(lib_a-atexit.o) (__register_exitproc)
/usr/lib/gcc/arm-none-eabi/11.2.0/../../../../arm-none-eabi/lib/thumb/v6-m/nofp/libc_nano.a(lib_a-__call_atexit.o)
                              /usr/lib/gcc/arm-none-eabi/11.2.0/../../../../arm-none-eabi/lib/thumb/v6-m/nofp/libc_nano.a(lib_a-__atexit.o) (__call_exitprocs)
/usr/lib/gcc/arm-none-eabi/11.2.0/../../../../arm-none-eabi/lib/thumb/v6-m/nofp/libc_nano.a(lib_a-lock.o)
                              /usr/lib/gcc/arm-none-eabi/11.2.0/../../../../arm-none-eabi/lib/thumb/v6-m/nofp/libc_nano.a(lib_a-__atexit.o) (__retarget_lock_acquire_recursive)
/usr/lib/gcc/arm-none-eabi/11.2.0/../../../../arm-none-eabi/lib/thumb/v6-m/nofp/librdimon_nano.a(rdimon-syscalls.o)
                              /usr/lib/gcc/arm-none-eabi/11.2.0/../../../../arm-none-eabi/lib/thumb/v6-m/nofp/rdimon-crt0.o (initialise_monitor_handles)
/usr/lib/gcc/arm-none-eabi/11.2.0/../../../../arm-none-eabi/lib/thumb/v6-m/nofp/librdimon_nano.a(rdimon-_exit.o)
                              /usr/lib/gcc/arm-none-eabi/11.2.0/../../../../arm-none-eabi/lib/thumb/v6-m/nofp/libc_nano.a(lib_a-exit.o) (_exit)
/usr/lib/gcc/arm-none-eabi/11.2.0/../../../../arm-none-eabi/lib/thumb/v6-m/nofp/librdimon_nano.a(rdimon-_kill.o)
                              /usr/lib/gcc/arm-none-eabi/11.2.0/../../../../arm-none-eabi/lib/thumb/v6-m/nofp/librdimon_nano.a(rdimon-_exit.o) (_kill_shared)
/usr/lib/gcc/arm-none-eabi/11.2.0/../../../../arm-none-eabi/lib/thumb/v6-m/nofp/libc_nano.a(lib_a-errno.o)
                              /usr/lib/gcc/arm-none-eabi/11.2.0/../../../../arm-none-eabi/lib/thumb/v6-m/nofp/librdimon_nano.a(rdimon-syscalls.o) (__errno)
/usr/lib/gcc/arm-none-eabi/11.2.0/../../../../arm-none-eabi/lib/thumb/v6-m/nofp/libc_nano.a(lib_a-findfp.o)
                              /usr/lib/gcc/arm-none-eabi/11.2.0/../../../../arm-none-eabi/lib/thumb/v6-m/nofp/librdimon_nano.a(rdimon-syscalls.o) (__sinit)
/usr/lib/gcc/arm-none-eabi/11.2.0/../../../../arm-none-eabi/lib/thumb/v6-m/nofp/libc_nano.a(lib_a-fwalk.o)
                              /usr/lib/gcc/arm-none-eabi/11.2.0/../../../../arm-none-eabi/lib/thumb/v6-m/nofp/libc_nano.a(lib_a-findfp.o) (_fwalk)
/usr/lib/gcc/arm-none-eabi/11.2.0/../../../../arm-none-eabi/lib/thumb/v6-m/nofp/libc_nano.a(lib_a-nano-mallocr.o)
                              /usr/lib/gcc/arm-none-eabi/11.2.0/../../../../arm-none-eabi/lib/thumb/v6-m/nofp/libc_nano.a(lib_a-findfp.o) (_malloc_r)
/usr/lib/gcc/arm-none-eabi/11.2.0/../../../../arm-none-eabi/lib/thumb/v6-m/nofp/libc_nano.a(lib_a-sbrkr.o)
                              /usr/lib/gcc/arm-none-eabi/11.2.0/../../../../arm-none-eabi/lib/thumb/v6-m/nofp/libc_nano.a(lib_a-nano-mallocr.o) (_sbrk_r)
/usr/lib/gcc/arm-none-eabi/11.2.0/../../../../arm-none-eabi/lib/thumb/v6-m/nofp/libc_nano.a(lib_a-stdio.o)
[...]
Memory Configuration

Name             Origin             Length             Attributes
FLASH            0x0000000008000000 0x0000000000040000 xr
RAM              0x0000000020000000 0x0000000000008000 xrw
*default*        0x0000000000000000 0xffffffffffffffff

Linker script and memory map

LOAD /usr/lib/gcc/arm-none-eabi/11.2.0/thumb/v6-m/nofp/crti.o
LOAD /usr/lib/gcc/arm-none-eabi/11.2.0/thumb/v6-m/nofp/crtbegin.o
LOAD /usr/lib/gcc/arm-none-eabi/11.2.0/../../../../arm-none-eabi/lib/thumb/v6-m/nofp/rdimon-crt0.o
LOAD Build/Obj/main.o
LOAD Build/Obj/App_ints.o
LOAD Build/Obj/App_msps.o
LOAD Build/Obj/startup_stm32f091xc.o
LOAD Build/Obj/system_stm32f0xx.o
LOAD Build/Obj/stm32f0xx_hal.o
LOAD Build/Obj/stm32f0xx_hal_cortex.o
LOAD Build/Obj/stm32f0xx_hal_rcc.o
LOAD Build/Obj/stm32f0xx_hal_flash.o
LOAD Build/Obj/stm32f0xx_hal_gpio.o
LOAD Build/Obj/stm32f0xx_hal_uart.o
LOAD Build/Obj/stm32f0xx_hal_dma.o
LOAD Build/Obj/stm32f0xx_hal_rtc.o
START GROUP
LOAD /usr/lib/gcc/arm-none-eabi/11.2.0/thumb/v6-m/nofp/libgcc.a
LOAD /usr/lib/gcc/arm-none-eabi/11.2.0/../../../../arm-none-eabi/lib/thumb/v6-m/nofp/libc_nano.a
END GROUP
START GROUP
LOAD /usr/lib/gcc/arm-none-eabi/11.2.0/thumb/v6-m/nofp/libgcc.a
LOAD /usr/lib/gcc/arm-none-eabi/11.2.0/../../../../arm-none-eabi/lib/thumb/v6-m/nofp/libc_nano.a
LOAD /usr/lib/gcc/arm-none-eabi/11.2.0/../../../../arm-none-eabi/lib/thumb/v6-m/nofp/librdimon_nano.a
END GROUP
START GROUP
LOAD /usr/lib/gcc/arm-none-eabi/11.2.0/thumb/v6-m/nofp/libgcc.a
LOAD /usr/lib/gcc/arm-none-eabi/11.2.0/../../../../arm-none-eabi/lib/thumb/v6-m/nofp/libc_nano.a
LOAD /usr/lib/gcc/arm-none-eabi/11.2.0/../../../../arm-none-eabi/lib/thumb/v6-m/nofp/librdimon_nano.a
END GROUP
LOAD /usr/lib/gcc/arm-none-eabi/11.2.0/thumb/v6-m/nofp/crtend.o
LOAD /usr/lib/gcc/arm-none-eabi/11.2.0/thumb/v6-m/nofp/crtn.o
                0x0000000020008000                _estack = 0x20008000
                0x0000000000000200                _Min_Heap_Size = 0x200
                0x0000000000000400                _Min_Stack_Size = 0x400

.isr_vector     0x0000000008000000       0xbc
                0x0000000008000000                . = ALIGN (0x4)
 *(.isr_vector)
 .isr_vector    0x0000000008000000       0xbc Build/Obj/startup_stm32f091xc.o
                0x0000000008000000                g_pfnVectors
                0x00000000080000bc                . = ALIGN (0x4)

.text           0x00000000080000bc      0x10c
                0x00000000080000bc                . = ALIGN (0x4)
 *(.text)
 *(.text*)
 .text.__do_global_dtors_aux
                0x00000000080000bc       0x28 /usr/lib/gcc/arm-none-eabi/11.2.0/thumb/v6-m/nofp/crtbegin.o
 .text.frame_dummy
                0x00000000080000e4       0x20 /usr/lib/gcc/arm-none-eabi/11.2.0/thumb/v6-m/nofp/crtbegin.o
 .text.main     0x0000000008000104        0x6 Build/Obj/main.o
                0x0000000008000104                main
 *fill*         0x000000000800010a        0x2 
 .text.Reset_Handler
                0x000000000800010c       0x50 Build/Obj/startup_stm32f091xc.o
                0x000000000800010c                Reset_Handler
 .text.Default_Handler
                0x000000000800015c        0x2 Build/Obj/startup_stm32f091xc.o
                0x000000000800015c                TIM1_CC_IRQHandler
                0x000000000800015c                TSC_IRQHandler
                0x000000000800015c                HardFault_Handler
                0x000000000800015c                ADC1_COMP_IRQHandler
                0x000000000800015c                SysTick_Handler
                0x000000000800015c                PendSV_Handler
                0x000000000800015c                NMI_Handler
                0x000000000800015c                I2C1_IRQHandler
                0x000000000800015c                RCC_CRS_IRQHandler
                0x000000000800015c                SPI1_IRQHandler
                0x000000000800015c                TIM6_DAC_IRQHandler
                0x000000000800015c                DMA1_Ch1_IRQHandler
                0x000000000800015c                EXTI2_3_IRQHandler
                0x000000000800015c                I2C2_IRQHandler
                0x000000000800015c                TIM17_IRQHandler
                0x000000000800015c                CEC_CAN_IRQHandler
                0x000000000800015c                RTC_IRQHandler
                0x000000000800015c                PVD_VDDIO2_IRQHandler
                0x000000000800015c                TIM16_IRQHandler
                0x000000000800015c                TIM3_IRQHandler
                0x000000000800015c                EXTI4_15_IRQHandler
                0x000000000800015c                USART3_8_IRQHandler
                0x000000000800015c                Default_Handler
                0x000000000800015c                TIM14_IRQHandler
                0x000000000800015c                TIM7_IRQHandler
                0x000000000800015c                TIM15_IRQHandler
                0x000000000800015c                EXTI0_1_IRQHandler
                0x000000000800015c                SPI2_IRQHandler
                0x000000000800015c                DMA1_Ch2_3_DMA2_Ch1_2_IRQHandler
                0x000000000800015c                SVC_Handler
                0x000000000800015c                DMA1_Ch4_7_DMA2_Ch3_5_IRQHandler
                0x000000000800015c                WWDG_IRQHandler
                0x000000000800015c                TIM2_IRQHandler
                0x000000000800015c                USART2_IRQHandler
                0x000000000800015c                FLASH_IRQHandler
                0x000000000800015c                USART1_IRQHandler
                0x000000000800015c                TIM1_BRK_UP_TRG_COM_IRQHandler
 .text.SystemInit
                0x000000000800015e        0xa Build/Obj/system_stm32f0xx.o
                0x000000000800015e                SystemInit
 .text.__libc_init_array
                0x0000000008000168       0x48 /usr/lib/gcc/arm-none-eabi/11.2.0/../../../../arm-none-eabi/lib/thumb/v6-m/nofp/libc_nano.a(lib_a-init.o)
                0x0000000008000168                __libc_init_array
 *(.glue_7)
 .glue_7        0x00000000080001b0        0x0 linker stubs
 *(.glue_7t)
 .glue_7t       0x00000000080001b0        0x0 linker stubs
 *(.eh_frame)
 .eh_frame      0x00000000080001b0        0x0 /usr/lib/gcc/arm-none-eabi/11.2.0/thumb/v6-m/nofp/crtbegin.o
 *(.init)
 .init          0x00000000080001b0        0x4 /usr/lib/gcc/arm-none-eabi/11.2.0/thumb/v6-m/nofp/crti.o
                0x00000000080001b0                _init
 .init          0x00000000080001b4        0x8 /usr/lib/gcc/arm-none-eabi/11.2.0/thumb/v6-m/nofp/crtn.o
 *(.fini)
 .fini          0x00000000080001bc        0x4 /usr/lib/gcc/arm-none-eabi/11.2.0/thumb/v6-m/nofp/crti.o
                0x00000000080001bc                _fini
 .fini          0x00000000080001c0        0x8 /usr/lib/gcc/arm-none-eabi/11.2.0/thumb/v6-m/nofp/crtn.o
                0x00000000080001c8                . = ALIGN (0x4)
                0x00000000080001c8                _etext = .

.vfp11_veneer   0x00000000080001c8        0x0
 .vfp11_veneer  0x00000000080001c8        0x0 linker stubs

.v4_bx          0x00000000080001c8        0x0
 .v4_bx         0x00000000080001c8        0x0 linker stubs

.iplt           0x00000000080001c8        0x0
 .iplt          0x00000000080001c8        0x0 /usr/lib/gcc/arm-none-eabi/11.2.0/thumb/v6-m/nofp/crtbegin.o

.rel.dyn        0x00000000080001c8        0x0
 .rel.iplt      0x00000000080001c8        0x0 /usr/lib/gcc/arm-none-eabi/11.2.0/thumb/v6-m/nofp/crtbegin.o

.rodata         0x00000000080001c8        0x0
                0x00000000080001c8                . = ALIGN (0x4)
 *(.rodata)
 *(.rodata*)
                0x00000000080001c8                . = ALIGN (0x4)

.ARM.extab
 *(.ARM.extab* .gnu.linkonce.armextab.*)

.ARM            0x00000000080001c8        0x0
                0x00000000080001c8                __exidx_start = .
 *(.ARM.exidx*)
                0x00000000080001c8                __exidx_end = .

.preinit_array  0x00000000080001c8        0x0
                0x00000000080001c8                PROVIDE (__preinit_array_start = .)
 *(.preinit_array*)
                0x00000000080001c8                PROVIDE (__preinit_array_end = .)

.init_array     0x00000000080001c8        0x4
                0x00000000080001c8                PROVIDE (__init_array_start = .)
 *(SORT_BY_NAME(.init_array.*))
 *(.init_array*)
 .init_array    0x00000000080001c8        0x4 /usr/lib/gcc/arm-none-eabi/11.2.0/thumb/v6-m/nofp/crtbegin.o
                0x00000000080001cc                PROVIDE (__init_array_end = .)

.fini_array     0x00000000080001cc        0x4
                0x00000000080001cc                PROVIDE (__fini_array_start = .)
 *(SORT_BY_NAME(.fini_array.*))
 *(.fini_array*)
 .fini_array    0x00000000080001cc        0x4 /usr/lib/gcc/arm-none-eabi/11.2.0/thumb/v6-m/nofp/crtbegin.o
                0x00000000080001d0                PROVIDE (__fini_array_end = .)
                0x00000000080001d0                _sidata = LOADADDR (.data)

.data           0x0000000020000000        0x0 load address 0x00000000080001d0
                0x0000000020000000                . = ALIGN (0x4)
                0x0000000020000000                _sdata = .
 *(.data)
 *(.data*)
                0x0000000020000000                . = ALIGN (0x4)
                0x0000000020000000                _edata = .

.igot.plt       0x0000000020000000        0x0 load address 0x00000000080001d0
 .igot.plt      0x0000000020000000        0x0 /usr/lib/gcc/arm-none-eabi/11.2.0/thumb/v6-m/nofp/crtbegin.o
                0x0000000020000000                . = ALIGN (0x4)

.bss            0x0000000020000000       0x1c load address 0x00000000080001d0
                0x0000000020000000                _sbss = .
                0x0000000020000000                __bss_start__ = _sbss
 *(.bss)
 *(.bss*)
 .bss.completed.1
                0x0000000020000000        0x1 /usr/lib/gcc/arm-none-eabi/11.2.0/thumb/v6-m/nofp/crtbegin.o
 *fill*         0x0000000020000001        0x3 
 .bss.object.0  0x0000000020000004       0x18 /usr/lib/gcc/arm-none-eabi/11.2.0/thumb/v6-m/nofp/crtbegin.o
 *(COMMON)
                0x000000002000001c                . = ALIGN (0x4)
                0x000000002000001c                _ebss = .
                0x000000002000001c                __bss_end__ = _ebss

._user_heap_stack
                0x000000002000001c      0x604 load address 0x00000000080001d0
                0x0000000020000020                . = ALIGN (0x8)
 *fill*         0x000000002000001c        0x4 
                0x0000000020000020                PROVIDE (end = .)
                [!provide]                        PROVIDE (_end = .)
                0x0000000020000220                . = (. + _Min_Heap_Size)
 *fill*         0x0000000020000020      0x200 
                0x0000000020000620                . = (. + _Min_Stack_Size)
 *fill*         0x0000000020000220      0x400 
                0x0000000020000620                . = ALIGN (0x8)

/DISCARD/
 libc.a(*)
 libm.a(*)
 libgcc.a(*)

.ARM.attributes
                0x0000000000000000       0x28
 *(.ARM.attributes)
 .ARM.attributes
                0x0000000000000000       0x1e /usr/lib/gcc/arm-none-eabi/11.2.0/thumb/v6-m/nofp/crti.o
 .ARM.attributes
                0x000000000000001e       0x2c /usr/lib/gcc/arm-none-eabi/11.2.0/thumb/v6-m/nofp/crtbegin.o
 .ARM.attributes
                0x000000000000004a       0x2c Build/Obj/main.o
 .ARM.attributes
                0x0000000000000076       0x21 Build/Obj/startup_stm32f091xc.o
 .ARM.attributes
                0x0000000000000097       0x2c Build/Obj/system_stm32f0xx.o
 .ARM.attributes
                0x00000000000000c3       0x2c /usr/lib/gcc/arm-none-eabi/11.2.0/../../../../arm-none-eabi/lib/thumb/v6-m/nofp/libc_nano.a(lib_a-init.o)
 .ARM.attributes
                0x00000000000000ef       0x1e /usr/lib/gcc/arm-none-eabi/11.2.0/thumb/v6-m/nofp/crtn.o
OUTPUT(Build/temp.elf elf32-littlearm)
LOAD linker stubs
LOAD /usr/lib/gcc/arm-none-eabi/11.2.0/../../../../arm-none-eabi/lib/thumb/v6-m/nofp/libc.a
LOAD /usr/lib/gcc/arm-none-eabi/11.2.0/../../../../arm-none-eabi/lib/thumb/v6-m/nofp/libm.a
LOAD /usr/lib/gcc/arm-none-eabi/11.2.0/thumb/v6-m/nofp/libgcc.a

.debug_info     0x0000000000000000      0x2c2
 .debug_info    0x0000000000000000       0x87 Build/Obj/main.o
 .debug_info    0x0000000000000087      0x23b Build/Obj/system_stm32f0xx.o

.debug_abbrev   0x0000000000000000      0x163
 .debug_abbrev  0x0000000000000000       0x47 Build/Obj/main.o
 .debug_abbrev  0x0000000000000047      0x11c Build/Obj/system_stm32f0xx.o

.debug_aranges  0x0000000000000000       0x48
 .debug_aranges
                0x0000000000000000       0x20 Build/Obj/main.o
 .debug_aranges
                0x0000000000000020       0x28 Build/Obj/system_stm32f0xx.o

.debug_rnglists
                0x0000000000000000       0x2d
 .debug_rnglists
                0x0000000000000000       0x13 Build/Obj/main.o
 .debug_rnglists
                0x0000000000000013       0x1a Build/Obj/system_stm32f0xx.o

.debug_macro    0x0000000000000000    0x1903e
 .debug_macro   0x0000000000000000      0x1c6 Build/Obj/main.o
 .debug_macro   0x00000000000001c6      0xa78 Build/Obj/main.o
 .debug_macro   0x0000000000000c3e       0x2e Build/Obj/main.o
 .debug_macro   0x0000000000000c6c       0x22 Build/Obj/main.o
 .debug_macro   0x0000000000000c8e       0x22 Build/Obj/main.o
 .debug_macro   0x0000000000000cb0       0x8e Build/Obj/main.o
 .debug_macro   0x0000000000000d3e       0x51 Build/Obj/main.o
 .debug_macro   0x0000000000000d8f      0x103 Build/Obj/main.o
 .debug_macro   0x0000000000000e92       0x6a Build/Obj/main.o
 .debug_macro   0x0000000000000efc      0x1df Build/Obj/main.o
 .debug_macro   0x00000000000010db       0x1c Build/Obj/main.o
 .debug_macro   0x00000000000010f7       0x22 Build/Obj/main.o
 .debug_macro   0x0000000000001119       0xaf Build/Obj/main.o
 .debug_macro   0x00000000000011c8      0x391 Build/Obj/main.o
 .debug_macro   0x0000000000001559    0x10e4f Build/Obj/main.o
 .debug_macro   0x00000000000123a8       0x66 Build/Obj/main.o
 .debug_macro   0x000000000001240e      0x133 Build/Obj/main.o
 .debug_macro   0x0000000000012541     0x34a6 Build/Obj/main.o
 .debug_macro   0x00000000000159e7      0x16d Build/Obj/main.o
 .debug_macro   0x0000000000015b54       0x55 Build/Obj/main.o
 .debug_macro   0x0000000000015ba9      0x946 Build/Obj/main.o
 .debug_macro   0x00000000000164ef      0x69b Build/Obj/main.o
 .debug_macro   0x0000000000016b8a      0x1af Build/Obj/main.o
 .debug_macro   0x0000000000016d39      0x202 Build/Obj/main.o
 .debug_macro   0x0000000000016f3b      0x1a7 Build/Obj/main.o
 .debug_macro   0x00000000000170e2      0x1bc Build/Obj/main.o
 .debug_macro   0x000000000001729e      0x4d0 Build/Obj/main.o
 .debug_macro   0x000000000001776e       0x3c Build/Obj/main.o
 .debug_macro   0x00000000000177aa       0x28 Build/Obj/main.o
 .debug_macro   0x00000000000177d2       0xb0 Build/Obj/main.o
 .debug_macro   0x0000000000017882      0x23f Build/Obj/main.o
 .debug_macro   0x0000000000017ac1       0x4c Build/Obj/main.o
 .debug_macro   0x0000000000017b0d      0x16d Build/Obj/main.o
 .debug_macro   0x0000000000017c7a      0x2e2 Build/Obj/main.o
 .debug_macro   0x0000000000017f5c      0x3a2 Build/Obj/main.o
 .debug_macro   0x00000000000182fe       0xdd Build/Obj/main.o
 .debug_macro   0x00000000000183db      0x5a5 Build/Obj/main.o
 .debug_macro   0x0000000000018980       0x44 Build/Obj/main.o
 .debug_macro   0x00000000000189c4       0x8d Build/Obj/main.o
 .debug_macro   0x0000000000018a51      0x435 Build/Obj/main.o
 .debug_macro   0x0000000000018e86      0x1b8 Build/Obj/system_stm32f0xx.o

.debug_line     0x0000000000000000      0x8b3
 .debug_line    0x0000000000000000      0x40e Build/Obj/main.o
 .debug_line    0x000000000000040e      0x4a5 Build/Obj/system_stm32f0xx.o

.debug_str      0x0000000000000000    0x9dafb
 .debug_str     0x0000000000000000    0x9da06 Build/Obj/main.o
                                      0x9dc5d (size before relaxing)
 .debug_str     0x000000000009da06       0xf5 Build/Obj/system_stm32f0xx.o
                                      0x9dd40 (size before relaxing)

.comment        0x0000000000000000       0x1e
 .comment       0x0000000000000000       0x1e Build/Obj/main.o
                                         0x1f (size before relaxing)
 .comment       0x000000000000001e       0x1f Build/Obj/system_stm32f0xx.o

.debug_frame    0x0000000000000000       0xa4
 .debug_frame   0x0000000000000000       0x2c Build/Obj/main.o
 .debug_frame   0x000000000000002c       0x4c Build/Obj/system_stm32f0xx.o
 .debug_frame   0x0000000000000078       0x2c /usr/lib/gcc/arm-none-eabi/11.2.0/../../../../arm-none-eabi/lib/thumb/v6-m/nofp/libc_nano.a(lib_a-init.o)
